<pytest_tempdir>/test_regression_default_yml_0/rundir-wrapper/atmos_dt_atmos.tile1.nc eea903eeb1cb1449052d860ace278d11
<pytest_tempdir>/test_regression_default_yml_0/rundir-wrapper/atmos_dt_atmos.tile2.nc cd6e05946d43fdb63cced28635c512dc
<pytest_tempdir>/test_regression_default_yml_0/rundir-wrapper/atmos_dt_atmos.tile3.nc b0171bb0e330483e5be6dbca3fcc30a8
<pytest_tempdir>/test_regression_default_yml_0/rundir-wrapper/atmos_dt_atmos.tile4.nc 4bcfb3f3669e986499a55ab0ef72488d
<pytest_tempdir>/test_regression_default_yml_0/rundir-wrapper/atmos_dt_atmos.tile5.nc d1ed9e41676e4e9e4473818ffff43e0f
<pytest_tempdir>/test_regression_default_yml_0/rundir-wrapper/atmos_dt_atmos.tile6.nc b0436c3837321ff4610628923b127d4f
<pytest_tempdir>/test_regression_default_yml_0/rundir-wrapper/atmos_static.tile1.nc c108f21485dfd5db0759e87234bf2c27
<pytest_tempdir>/test_regression_default_yml_0/rundir-wrapper/atmos_static.tile2.nc 74590aa607a7fb3620fd15c965a8b47c
<pytest_tempdir>/test_regression_default_yml_0/rundir-wrapper/atmos_static.tile3.nc 8c04b4a7a1866dca255eabace1f1855b
<pytest_tempdir>/test_regression_default_yml_0/rundir-wrapper/atmos_static.tile4.nc f429985bf8801ca4fd716298cb5051e9
<pytest_tempdir>/test_regression_default_yml_0/rundir-wrapper/atmos_static.tile5.nc 255ee4717b7971685d7ae62f1c1f8314
<pytest_tempdir>/test_regression_default_yml_0/rundir-wrapper/atmos_static.tile6.nc cbafd8df3086f185eeb2e84f068b8fe3
<pytest_tempdir>/test_regression_default_yml_0/rundir-wrapper/sfc_dt_atmos.tile1.nc c43ca6cab34ff88a7e1639616c07af6b
<pytest_tempdir>/test_regression_default_yml_0/rundir-wrapper/sfc_dt_atmos.tile2.nc ad03870157a28798a00407ffc54d9f7d
<pytest_tempdir>/test_regression_default_yml_0/rundir-wrapper/sfc_dt_atmos.tile3.nc 7a8792933d019c05584427c75155541e
<pytest_tempdir>/test_regression_default_yml_0/rundir-wrapper/sfc_dt_atmos.tile4.nc 41146c2479939f81a50cab8c5a024b29
<pytest_tempdir>/test_regression_default_yml_0/rundir-wrapper/sfc_dt_atmos.tile5.nc c8fbab4931c2dd7d75ea79cea9254f3f
<pytest_tempdir>/test_regression_default_yml_0/rundir-wrapper/sfc_dt_atmos.tile6.nc 878f17469de6d777837cda3ff6d6e46b
<pytest_tempdir>/test_regression_default_yml_0/rundir-wrapper/sfc_dt_atmos_diagnostics_manager_controlled.tile1.nc 2acac83e513474dc1471bfa407328135
<pytest_tempdir>/test_regression_default_yml_0/rundir-wrapper/sfc_dt_atmos_diagnostics_manager_controlled.tile2.nc f058269cea9c96ea6fd1460cf7ae681b
<pytest_tempdir>/test_regression_default_yml_0/rundir-wrapper/sfc_dt_atmos_diagnostics_manager_controlled.tile3.nc 6fdc8d8d7426d69b1af38579541d119c
<pytest_tempdir>/test_regression_default_yml_0/rundir-wrapper/sfc_dt_atmos_diagnostics_manager_controlled.tile4.nc 92841b45b93248ae010cf693ef104580
<pytest_tempdir>/test_regression_default_yml_0/rundir-wrapper/sfc_dt_atmos_diagnostics_manager_controlled.tile5.nc e01d1ec2abe755bc34652ae859ff5ad3
<pytest_tempdir>/test_regression_default_yml_0/rundir-wrapper/sfc_dt_atmos_diagnostics_manager_controlled.tile6.nc 8069bc95080c4a01d5ea781c617fee66
<pytest_tempdir>/test_regression_default_yml_0/rundir-wrapper/RESTART/fv_core.res.nc 18f136825b9be2c9daad27aff6e25375
<pytest_tempdir>/test_regression_default_yml_0/rundir-wrapper/RESTART/fv_core.res.tile1.nc 4f6a3df6f8698f4ca110299eef5b7cfc
<pytest_tempdir>/test_regression_default_yml_0/rundir-wrapper/RESTART/fv_core.res.tile2.nc 7c82dc8e737dc3f927f4bfb529b19aac
<pytest_tempdir>/test_regression_default_yml_0/rundir-wrapper/RESTART/fv_core.res.tile3.nc 080ca6455b34d1bcda185dd1ec9a69fe
<pytest_tempdir>/test_regression_default_yml_0/rundir-wrapper/RESTART/fv_core.res.tile4.nc a98e7d9d8d2d08ba066fac04e944ab19
<pytest_tempdir>/test_regression_default_yml_0/rundir-wrapper/RESTART/fv_core.res.tile5.nc f3853723518c814ce0489ab6e81bf970
<pytest_tempdir>/test_regression_default_yml_0/rundir-wrapper/RESTART/fv_core.res.tile6.nc 4e784adee20ba5226d20f374aec23073
<pytest_tempdir>/test_regression_default_yml_0/rundir-wrapper/RESTART/fv_srf_wnd.res.tile1.nc 3d1ec233d9fbeb61846e8829a45e5974
<pytest_tempdir>/test_regression_default_yml_0/rundir-wrapper/RESTART/fv_srf_wnd.res.tile2.nc 041b7092e0a94067693f942a81b32c90
<pytest_tempdir>/test_regression_default_yml_0/rundir-wrapper/RESTART/fv_srf_wnd.res.tile3.nc f6e42f881ba388fd7275373352f447c8
<pytest_tempdir>/test_regression_default_yml_0/rundir-wrapper/RESTART/fv_srf_wnd.res.tile4.nc b4f2fa0a445cf3695592a5d52a47fc15
<pytest_tempdir>/test_regression_default_yml_0/rundir-wrapper/RESTART/fv_srf_wnd.res.tile5.nc 146479cde4cf55e4415df3752d18770f
<pytest_tempdir>/test_regression_default_yml_0/rundir-wrapper/RESTART/fv_srf_wnd.res.tile6.nc 8eff8110414f239c2a1692c5114c6e27
<pytest_tempdir>/test_regression_default_yml_0/rundir-wrapper/RESTART/fv_tracer.res.tile1.nc 97dfdd46667b63fed4fbe8dfeb9d5c24
<pytest_tempdir>/test_regression_default_yml_0/rundir-wrapper/RESTART/fv_tracer.res.tile2.nc 4b4bfe97632429305f5898e49fcc8265
<pytest_tempdir>/test_regression_default_yml_0/rundir-wrapper/RESTART/fv_tracer.res.tile3.nc 702edd30acafdfc283a1f73c4799e173
<pytest_tempdir>/test_regression_default_yml_0/rundir-wrapper/RESTART/fv_tracer.res.tile4.nc f881dfef4cdc8b0ef9160808a24f4c19
<pytest_tempdir>/test_regression_default_yml_0/rundir-wrapper/RESTART/fv_tracer.res.tile5.nc 56d09ea874b977c678d26ade2efc106f
<pytest_tempdir>/test_regression_default_yml_0/rundir-wrapper/RESTART/fv_tracer.res.tile6.nc 6b4c7c552e8dbb69a8b56bdc42ffff7a
<pytest_tempdir>/test_regression_default_yml_0/rundir-wrapper/RESTART/phy_data.tile1.nc 17b7fcb553ebbc6babaa39059cde62ac
<pytest_tempdir>/test_regression_default_yml_0/rundir-wrapper/RESTART/phy_data.tile2.nc d30037b06d11a3d2b97a3672008e0eae
<pytest_tempdir>/test_regression_default_yml_0/rundir-wrapper/RESTART/phy_data.tile3.nc 71f7b9a47e2adbc46fcaef2021d6ce38
<pytest_tempdir>/test_regression_default_yml_0/rundir-wrapper/RESTART/phy_data.tile4.nc b9c86c8c229a136fa527fb8b29994cfe
<pytest_tempdir>/test_regression_default_yml_0/rundir-wrapper/RESTART/phy_data.tile5.nc 51767925d9cdf1bd788a7826779fb1f2
<pytest_tempdir>/test_regression_default_yml_0/rundir-wrapper/RESTART/phy_data.tile6.nc 129b7321d6a54cfa2e93e6d7acbf9f4f
<pytest_tempdir>/test_regression_default_yml_0/rundir-wrapper/RESTART/sfc_data.tile1.nc 1e2086f3b58149196fdd5c5e8dd44d51
<pytest_tempdir>/test_regression_default_yml_0/rundir-wrapper/RESTART/sfc_data.tile2.nc 72d13e291b9dc957ad96d9e30eaa4593
<pytest_tempdir>/test_regression_default_yml_0/rundir-wrapper/RESTART/sfc_data.tile3.nc ba195ed8d5e3805f53024f1127e5d0a8
<pytest_tempdir>/test_regression_default_yml_0/rundir-wrapper/RESTART/sfc_data.tile4.nc b7b4c203b23b9cbe663d13296cd869dc
<pytest_tempdir>/test_regression_default_yml_0/rundir-wrapper/RESTART/sfc_data.tile5.nc 0d85d8e6c9dd9c53ec0f81910799ac61
<pytest_tempdir>/test_regression_default_yml_0/rundir-wrapper/RESTART/sfc_data.tile6.nc 0e3e46fa331e22aa4dd243088d336249
